// Jest Snapshot v1, https://goo.gl/fbAQLP

exports[`renders the UI as expected 1`] = `
<div
  className="AddTitle fadeIn"
>
  <form
    className="box"
    onSubmit={[Function]}
  >
    <label
      htmlFor="title"
    >
      Title:
    </label>
    <input
      autoComplete="off"
      className="input"
      name="title"
      onChange={[Function]}
      required={true}
      type="text"
    />
    <label
      className="collections-label"
      htmlFor="collections"
    >
      Collections:
    </label>
    <p
      className="collections-note"
    >
      * hold cmd to select multiple collections
    </p>
    <select
      id="collections"
      multiple={true}
      name="collections"
      onChange={[Function]}
      size="4"
      value={Array []}
    />
    <label
      htmlFor="director"
    >
      Director:
    </label>
    <input
      autoComplete="off"
      className="input"
      name="director"
      onChange={[Function]}
      type="text"
    />
    <label
      htmlFor="writers"
    >
      Writers:
    </label>
    <input
      autoComplete="off"
      className="input"
      name="writers"
      onChange={[Function]}
      type="text"
    />
    <label
      htmlFor="stars"
    >
      Stars:
    </label>
    <input
      autoComplete="off"
      className="input"
      name="stars"
      onChange={[Function]}
      type="text"
    />
    <label
      htmlFor="year_released"
    >
      Year Released:
    </label>
    <input
      autoComplete="off"
      className="input smallest"
      name="year_released"
      onChange={[Function]}
      type="text"
    />
    <label
      htmlFor="genre"
    >
      Genre:
    </label>
    <input
      autoComplete="off"
      className="input smaller"
      name="genre"
      onChange={[Function]}
      type="text"
    />
    <label
      htmlFor="film_format"
    >
      Format:
    </label>
    <select
      autoComplete="off"
      id="film_format"
      name="film_format"
      onChange={[Function]}
    >
      <option
        value="VHS"
      >
        VHS
      </option>
      <option
        value="Blu-ray"
      >
        Blu-ray
      </option>
      <option
        value="Digital"
      >
        Digital
      </option>
      <option
        value="DVD"
      >
        DVD
      </option>
      <option
        value="Film"
      >
        Film
      </option>
      <option
        value="Other"
      >
        Other
      </option>
    </select>
    <label
      htmlFor="film_version"
    >
      Version:
    </label>
    <input
      autoComplete="off"
      className="input smaller"
      name="film_version"
      onChange={[Function]}
      placeholder="Original, Bootleg"
      type="text"
    />
    <label
      htmlFor="film_condition"
    >
      Condition:
    </label>
    <input
      autoComplete="off"
      className="input smaller"
      name="film_condition"
      onChange={[Function]}
      type="text"
    />
    <label
      htmlFor="film_value"
    >
      Value:
    </label>
    <input
      autoComplete="off"
      className="input smallest"
      name="film_value"
      onChange={[Function]}
      type="text"
    />
    <label
      htmlFor="film_rating"
    >
      Rating:
    </label>
    <input
      autoComplete="off"
      className="input smallest"
      name="film_rating"
      onChange={[Function]}
      placeholder="9/10"
      type="text"
    />
    <div
      className="sellinginput"
    >
      <label
        className="sellinglabel"
        htmlFor="selling"
      >
        Selling:
      </label>
      <input
        autoComplete="off"
        className="sellingcheckbox"
        name="selling"
        onChange={[Function]}
        type="checkbox"
      />
    </div>
    <label
      htmlFor="trailer"
    >
      Trailer:
    </label>
    <input
      autoComplete="off"
      className="input trailer"
      name="trailer"
      onChange={[Function]}
      placeholder="https://www.youtube.com/watch?v=PYYZFcvQfRg"
      type="url"
    />
    <label
      htmlFor="tags"
    >
      Tags:
    </label>
    <input
      autoComplete="off"
      className="input"
      name="tags"
      onChange={[Function]}
      type="text"
    />
    <label
      htmlFor="notes"
    >
      Notes:
    </label>
    <textarea
      autoComplete="off"
      name="notes"
      onChange={[Function]}
      rows="6"
      type="text"
    />
    <label
      htmlFor="memorable_scenes"
    >
      Memorable Scenes:
    </label>
    <textarea
      autoComplete="off"
      className="memorable-scenes"
      name="memorable_scenes"
      onChange={[Function]}
      rows="6"
      type="text"
    />
    <button
      className="submit-button"
      type="submit"
    >
      Submit
    </button>
  </form>
  <a
    className="back-button"
    href="/"
    onClick={[Function]}
  >
    <p
      className="back-button-p"
    >
      Back
    </p>
  </a>
</div>
`;
